开始测试价格分计算和存储过程...
开始为项目 4 计算价格分...
